##############################################################################
#                                                                            #
# IAR H8 C-Compiler V1.53F/WIN                                               #
#                                                                            #
#       Compile time  =  19/Jun/2003  11:41:49                               #
#       Target option =  H8S/2300                                            #
#       Memory model  =  large                                               #
#       Source file   =  h:\jobs\eumedic3\font1.c                            #
#       List file     =  h:\jobs\eumedic3\debug\list\font1.lst               #
#       Object file   =  h:\jobs\eumedic3\debug\obj\font1.r37                #
#       Command line  =  -v3 -ml -OH:\Jobs\Eumedic3\Debug\Obj\ -RCODE -s9    #
#                        -um0I0 -e -K -g -LH:\Jobs\Eumedic3\Debug\List\ -q   #
#                        -t8 -IC:\IAR\EW23\h8\inc\ H:\Jobs\Eumedic3\font1.c  #
#                                                                            #
#                           Copyright 2002 IAR Systems. All rights reserved. #
##############################################################################

   \                     	NAME	font1(17)
   \                     	RSEG	CODE(1)
   \                     	RSEG	CONST(1)
   \                     	PUBLIC	font_data1
   \                     	EXTERN	?CLH8SL_1_42_L00
   \                     	RSEG	CODE
      1          
      2          
      3          
      4          const char font_data1[] = 
      5          {
      6          0x0,
      7          0x0,
      8          0x5F,
      9          0x0,
     10          0x0,
     11          0x0,
     12          0x0,
     13          0x0,
     14          0x0,
     15          0x7,
     16          0x0,
     17          0x7,
     18          0x0,
     19          0x0,
     20          0x0,
     21          0x0,
     22          0x14,
     23          0x7F,
     24          0x14,
     25          0x7F,
     26          0x14,
     27          0x0,
     28          0x0,
     29          0x0,
     30          0x24,
     31          0x2A,
     32          0x7F,
     33          0x2A,
     34          0x12,
     35          0x0,
     36          0x0,
     37          0x0,
     38          0x23,
     39          0x13,
     40          0x8,
     41          0x64,
     42          0x62,
     43          0x0,
     44          0x0,
     45          0x0,
     46          0x36,
     47          0x49,
     48          0x55,
     49          0x22,
     50          0x50,
     51          0x0,
     52          0x0,
     53          0x0,
     54          0x0,
     55          0x5,
     56          0x3,
     57          0x0,
     58          0x0,
     59          0x0,
     60          0x0,
     61          0x0,
     62          0x0,
     63          0x1C,
     64          0x22,
     65          0x41,
     66          0x0,
     67          0x0,
     68          0x0,
     69          0x0,
     70          0x0,
     71          0x41,
     72          0x22,
     73          0x1C,
     74          0x0,
     75          0x0,
     76          0x0,
     77          0x0,
     78          0x14,
     79          0x8,
     80          0x3E,
     81          0x8,
     82          0x14,
     83          0x0,
     84          0x0,
     85          0x0,
     86          0x8,
     87          0x8,
     88          0x3E,
     89          0x8,
     90          0x8,
     91          0x0,
     92          0x0,
     93          0x0,
     94          0x0,
     95          0x50,
     96          0x30,
     97          0x0,
     98          0x0,
     99          0x0,
    100          0x0,
    101          0x0,
    102          0x8,
    103          0x8,
    104          0x8,
    105          0x8,
    106          0x8,
    107          0x0,
    108          0x0,
    109          0x0,
    110          0x0,
    111          0x60,
    112          0x60,
    113          0x0,
    114          0x0,
    115          0x0,
    116          0x0,
    117          0x0,
    118          0x20,
    119          0x10,
    120          0x8,
    121          0x4,
    122          0x2,
    123          0x0,
    124          0x0,
    125          0x0,
    126          0x3E,
    127          0x51,
    128          0x49,
    129          0x45,
    130          0x3E,
    131          0x0,
    132          0x0,
    133          0x0,
    134          0x0,
    135          0x42,
    136          0x7F,
    137          0x40,
    138          0x0,
    139          0x0,
    140          0x0,
    141          0x0,
    142          0x42,
    143          0x61,
    144          0x51,
    145          0x49,
    146          0x46,
    147          0x0,
    148          0x0,
    149          0x0,
    150          0x21,
    151          0x41,
    152          0x45,
    153          0x4B,
    154          0x31,
    155          0x0,
    156          0x0,
    157          0x0,
    158          0x18,
    159          0x14,
    160          0x12,
    161          0x7F,
    162          0x10,
    163          0x0,
    164          0x0,
    165          0x0,
    166          0x27,
    167          0x45,
    168          0x45,
    169          0x45,
    170          0x39,
    171          0x0,
    172          0x0,
    173          0x0,
    174          0x3C,
    175          0x4A,
    176          0x49,
    177          0x49,
    178          0x30,
    179          0x0,
    180          0x0,
    181          0x0,
    182          0x1,
    183          0x71,
    184          0x9,
    185          0x5,
    186          0x3,
    187          0x0,
    188          0x0,
    189          0x0,
    190          0x36,
    191          0x49,
    192          0x49,
    193          0x49,
    194          0x36,
    195          0x0,
    196          0x0,
    197          0x0,
    198          0x6,
    199          0x49,
    200          0x49,
    201          0x29,
    202          0x1E,
    203          0x0,
    204          0x0,
    205          0x0,
    206          0x0,
    207          0x36,
    208          0x36,
    209          0x0,
    210          0x0,
    211          0x0,
    212          0x0,
    213          0x0,
    214          0x0,
    215          0x56,
    216          0x36,
    217          0x0,
    218          0x0,
    219          0x0,
    220          0x0,
    221          0x0,
    222          0x8,
    223          0x14,
    224          0x22,
    225          0x41,
    226          0x0,
    227          0x0,
    228          0x0,
    229          0x0,
    230          0x14,
    231          0x14,
    232          0x14,
    233          0x14,
    234          0x14,
    235          0x0,
    236          0x0,
    237          0x0,
    238          0x0,
    239          0x41,
    240          0x22,
    241          0x14,
    242          0x8,
    243          0x0,
    244          0x0,
    245          0x0,
    246          0x2,
    247          0x1,
    248          0x51,
    249          0x9,
    250          0x6,
    251          0x0,
    252          0x0,
    253          0x0,
    254          0x32,
    255          0x49,
    256          0x79,
    257          0x41,
    258          0x3E,
    259          0x0,
    260          0x0,
    261          0x0,
    262          0x7E,
    263          0x11,
    264          0x11,
    265          0x11,
    266          0x7E,
    267          0x0,
    268          0x0,
    269          0x0,
    270          0x7F,
    271          0x49,
    272          0x49,
    273          0x49,
    274          0x36,
    275          0x0,
    276          0x0,
    277          0x0,
    278          0x3E,
    279          0x41,
    280          0x41,
    281          0x41,
    282          0x22,
    283          0x0,
    284          0x0,
    285          0x0,
    286          0x7F,
    287          0x41,
    288          0x41,
    289          0x41,
    290          0x3E,
    291          0x0,
    292          0x0,
    293          0x0,
    294          0x7F,
    295          0x49,
    296          0x49,
    297          0x49,
    298          0x41,
    299          0x0,
    300          0x0,
    301          0x0,
    302          0x7F,
    303          0x9,
    304          0x9,
    305          0x9,
    306          0x1,
    307          0x0,
    308          0x0,
    309          0x0,
    310          0x3E,
    311          0x41,
    312          0x49,
    313          0x49,
    314          0x7A,
    315          0x0,
    316          0x0,
    317          0x0,
    318          0x7F,
    319          0x8,
    320          0x8,
    321          0x8,
    322          0x7F,
    323          0x0,
    324          0x0,
    325          0x0,
    326          0x0,
    327          0x41,
    328          0x7F,
    329          0x41,
    330          0x0,
    331          0x0,
    332          0x0,
    333          0x0,
    334          0x20,
    335          0x40,
    336          0x41,
    337          0x3F,
    338          0x1,
    339          0x0,
    340          0x0,
    341          0x0,
    342          0x7F,
    343          0x8,
    344          0x14,
    345          0x22,
    346          0x41,
    347          0x0,
    348          0x0,
    349          0x0,
    350          0x7F,
    351          0x40,
    352          0x40,
    353          0x40,
    354          0x40,
    355          0x0,
    356          0x0,
    357          0x0,
    358          0x7F,
    359          0x2,
    360          0xC,
    361          0x2,
    362          0x7F,
    363          0x0,
    364          0x0,
    365          0x0,
    366          0x7F,
    367          0x4,
    368          0x8,
    369          0x10,
    370          0x7F,
    371          0x0,
    372          0x0,
    373          0x0,
    374          0x3E,
    375          0x41,
    376          0x41,
    377          0x41,
    378          0x3E,
    379          0x0,
    380          0x0,
    381          0x0,
    382          0x7F,
    383          0x9,
    384          0x9,
    385          0x9,
    386          0x6,
    387          0x0,
    388          0x0,
    389          0x0,
    390          0x3E,
    391          0x41,
    392          0x51,
    393          0x21,
    394          0x5E,
    395          0x0,
    396          0x0,
    397          0x0,
    398          0x7F,
    399          0x9,
    400          0x19,
    401          0x29,
    402          0x46,
    403          0x0,
    404          0x0,
    405          0x0,
    406          0x46,
    407          0x49,
    408          0x49,
    409          0x49,
    410          0x31,
    411          0x0,
    412          0x0,
    413          0x0,
    414          0x1,
    415          0x1,
    416          0x7F,
    417          0x1,
    418          0x1,
    419          0x0,
    420          0x0,
    421          0x0,
    422          0x3F,
    423          0x40,
    424          0x40,
    425          0x40,
    426          0x3F,
    427          0x0,
    428          0x0,
    429          0x0,
    430          0x1F,
    431          0x20,
    432          0x40,
    433          0x20,
    434          0x1F,
    435          0x0,
    436          0x0,
    437          0x0,
    438          0x3F,
    439          0x40,
    440          0x38,
    441          0x40,
    442          0x3F,
    443          0x0,
    444          0x0,
    445          0x0,
    446          0x63,
    447          0x14,
    448          0x8,
    449          0x14,
    450          0x63,
    451          0x0,
    452          0x0,
    453          0x0,
    454          0x7,
    455          0x8,
    456          0x70,
    457          0x8,
    458          0x7,
    459          0x0,
    460          0x0,
    461          0x0,
    462          0x61,
    463          0x51,
    464          0x49,
    465          0x45,
    466          0x43,
    467          0x0,
    468          0x0,
    469          0x0,
    470          0x0,
    471          0x7F,
    472          0x41,
    473          0x41,
    474          0x0,
    475          0x0,
    476          0x0,
    477          0x0,
    478          0xFF,
    479          0x81,
    480          0x81,
    481          0x81,
    482          0xFF,
    483          0x0,
    484          0x0,
    485          0x0,
    486          0x0,
    487          0x41,
    488          0x41,
    489          0x7F,
    490          0x0,
    491          0x0,
    492          0x0,
    493          0x0,
    494          0x4,
    495          0x2,
    496          0x1,
    497          0x2,
    498          0x4,
    499          0x0,
    500          0x0,
    501          0x0,
    502          0x40,
    503          0x40,
    504          0x40,
    505          0x40,
    506          0x40,
    507          0x0,
    508          0x0,
    509          0x0,
    510          0x0,
    511          0x1,
    512          0x2,
    513          0x4,
    514          0x0,
    515          0x0,
    516          0x0,
    517          0x0,
    518          0x20,
    519          0x54,
    520          0x54,
    521          0x54,
    522          0x78,
    523          0x0,
    524          0x0,
    525          0x0,
    526          0x7F,
    527          0x48,
    528          0x44,
    529          0x44,
    530          0x38,
    531          0x0,
    532          0x0,
    533          0x0,
    534          0x38,
    535          0x44,
    536          0x44,
    537          0x44,
    538          0x20,
    539          0x0,
    540          0x0,
    541          0x0,
    542          0x38,
    543          0x44,
    544          0x44,
    545          0x48,
    546          0x7F,
    547          0x0,
    548          0x0,
    549          0x0,
    550          0x38,
    551          0x54,
    552          0x54,
    553          0x54,
    554          0x18,
    555          0x0,
    556          0x0,
    557          0x0,
    558          0x8,
    559          0x7E,
    560          0x9,
    561          0x1,
    562          0x2,
    563          0x0,
    564          0x0,
    565          0x0,
    566          0xC,
    567          0x52,
    568          0x52,
    569          0x52,
    570          0x3E,
    571          0x0,
    572          0x0,
    573          0x0,
    574          0x7F,
    575          0x8,
    576          0x4,
    577          0x4,
    578          0x78,
    579          0x0,
    580          0x0,
    581          0x0,
    582          0x0,
    583          0x44,
    584          0x7D,
    585          0x40,
    586          0x0,
    587          0x0,
    588          0x0,
    589          0x0,
    590          0x20,
    591          0x40,
    592          0x44,
    593          0x3D,
    594          0x0,
    595          0x0,
    596          0x0,
    597          0x0,
    598          0x7F,
    599          0x10,
    600          0x28,
    601          0x44,
    602          0x0,
    603          0x0,
    604          0x0,
    605          0x0,
    606          0x0,
    607          0x41,
    608          0x7F,
    609          0x40,
    610          0x0,
    611          0x0,
    612          0x0,
    613          0x0,
    614          0x7C,
    615          0x4,
    616          0x8,
    617          0x4,
    618          0x78,
    619          0x0,
    620          0x0,
    621          0x0,
    622          0x7C,
    623          0x8,
    624          0x4,
    625          0x4,
    626          0x78,
    627          0x0,
    628          0x0,
    629          0x0,
    630          0x38,
    631          0x44,
    632          0x44,
    633          0x44,
    634          0x38,
    635          0x0,
    636          0x0,
    637          0x0,
    638          0x7C,
    639          0x14,
    640          0x14,
    641          0x14,
    642          0x8,
    643          0x0,
    644          0x0,
    645          0x0,
    646          0x8,
    647          0x14,
    648          0x14,
    649          0x18,
    650          0x7C,
    651          0x0,
    652          0x0,
    653          0x0,
    654          0x7C,
    655          0x8,
    656          0x4,
    657          0x4,
    658          0x8,
    659          0x0,
    660          0x0,
    661          0x0,
    662          0x48,
    663          0x54,
    664          0x54,
    665          0x54,
    666          0x20,
    667          0x0,
    668          0x0,
    669          0x0,
    670          0x4,
    671          0x3F,
    672          0x44,
    673          0x40,
    674          0x20,
    675          0x0,
    676          0x0,
    677          0x0,
    678          0x3C,
    679          0x40,
    680          0x40,
    681          0x20,
    682          0x7C,
    683          0x0,
    684          0x0,
    685          0x0,
    686          0x1C,
    687          0x20,
    688          0x40,
    689          0x20,
    690          0x1C,
    691          0x0,
    692          0x0,
    693          0x0,
    694          0x3C,
    695          0x40,
    696          0x20,
    697          0x40,
    698          0x3C,
    699          0x0,
    700          0x0,
    701          0x0,
    702          0x44,
    703          0x28,
    704          0x10,
    705          0x28,
    706          0x44,
    707          0x0,
    708          0x0,
    709          0x0,
    710          0xC,
    711          0x50,
    712          0x50,
    713          0x50,
    714          0x3C,
    715          0x0,
    716          0x0,
    717          0x0,
    718          0x44,
    719          0x64,
    720          0x54,
    721          0x4C,
    722          0x44,
    723          0x0,
    724          0x0,
    725          0x0,
    726          0x0,
    727          0x8,
    728          0x36,
    729          0x41,
    730          0x0,
    731          0x0,
    732          0x0,
    733          0x0,
    734          0x0,
    735          0x0,
    736          0x7F,
    737          0x0,
    738          0x0,
    739          0x0,
    740          0x0,
    741          0x0,
    742          0x0,
    743          0x41,
    744          0x36,
    745          0x8,
    746          0x0,
    747          0x0,
    748          0x0,
    749          0x0,
    750          0x10,
    751          0x8,
    752          0x10,
    753          0x20,
    754          0x10,
    755          0x0,
    756          0x0,
    757          0x0,
    758          0x0,
    759          0x0,
    760          0x0,
    761          0x55,
    762          0x0,
    763          0x0,
    764          0x0,
    765          0x0,
    766          0x44,
    767          0x44,
    768          0x5F,
    769          0x44,
    770          0x44,
    771          0x0,
    772          0x0,
    773          0x0,
    774          0xFE,
    775          0xF3,
    776          0xF3,
    777          0xFE,
    778          0x0,
    779          0x0,
    780          0x0,
    781          0x0,
    782          0xFE,
    783          0xFB,
    784          0xFB,
    785          0xFE,
    786          0x0,
    787          0x0,
    788          0x0,
    789          0x0,
    790          0xFE,
    791          0xFF,
    792          0xFF,
    793          0xFE,
    794          0x0,
    795          0x0,
    796          0x0,
    797          0x0,
    798          0xFE,
    799          0xFF,
    800          0xFF,
    801          0xFE,
    802          0x0,
    803          0x0,
    804          0x0,
    805          0x0,
    806          0x20,
    807          0x40,
    808          0x30,
    809          0xC,
    810          0x3,
    811          0x0,
    812          0x0,
    813          0x0,
    814          0x20,
    815          0x40,
    816          0x20,
    817          0x10,
    818          0x8,
    819          0x0,
    820          0x0,
    821          0x0,
    822          0x7C,
    823          0x44,
    824          0x44,
    825          0x44,
    826          0x7C,
    827          0x0,
    828          0x0,
    829          0x0,
    830          0x38,
    831          0x6C,
    832          0x44,
    833          0x6C,
    834          0x38,
    835          0x0,
    836          0x0,
    837          0x0,
    838          0x7C,
    839          0x7C,
    840          0x38,
    841          0x38,
    842          0x10,
    843          0x0,
    844          0x0,
    845          0x0,
    846          0x10,
    847          0x38,
    848          0x38,
    849          0x7C,
    850          0x7C,
    851          0x0,
    852          0x0,
    853          0x0,
    854          0x38,
    855          0x40,
    856          0x5C,
    857          0x40,
    858          0x38,
    859          0x0,
    860          0x0,
    861          0x0,
    862          0x1C,
    863          0x22,
    864          0x2E,
    865          0x2A,
    866          0x1C,
    867          0x0,
    868          0x0,
    869          0x0,
    870          0xF,
    871          0x9,
    872          0x16,
    873          0x70,
    874          0x10,
    875          0x0,
    876          0x0,
    877          0x0,
    878          0x60,
    879          0x58,
    880          0x46,
    881          0x58,
    882          0x60,
    883          0x0,
    884          0x0,
    885          0x0,
    886          0x70,
    887          0x5C,
    888          0x47,
    889          0x5C,
    890          0x70,
    891          0x0,
    892          0x0,
    893          0x0,
    894          0x60,
    895          0x78,
    896          0x7E,
    897          0x78,
    898          0x60,
    899          0x0,
    900          0x0,
    901          0x0,
    902          0x3E,
    903          0x41,
    904          0x4F,
    905          0x49,
    906          0x3E,
    907          0x0,
    908          0x0,
    909          0x0,
    910          0x4,
    911          0x2,
    912          0x1,
    913          0x2,
    914          0x4,
    915          0x0,
    916          0x0,
    917          0x0,
    918          0x1C,
    919          0x22,
    920          0x2E,
    921          0x22,
    922          0x1C,
    923          0x0,
    924          0x0,
    925          0x0,
    926          0x1C,
    927          0x22,
    928          0x2E,
    929          0x26,
    930          0x1C,
    931          0x0,
    932          0x0,
    933          0x0,
    934          0x1C,
    935          0x22,
    936          0x2E,
    937          0x2A,
    938          0x1C,
    939          0x0,
    940          0x0,
    941          0x0,
    942          0x1C,
    943          0x22,
    944          0x2E,
    945          0x32,
    946          0x1C,
    947          0x0,
    948          0x0,
    949          0x0,
    950          0x1C,
    951          0x22,
    952          0x3E,
    953          0x22,
    954          0x1C,
    955          0x0,
    956          0x0,
    957          0x0,
    958          0x1C,
    959          0x32,
    960          0x2E,
    961          0x22,
    962          0x1C,
    963          0x0,
    964          0x0,
    965          0x0,
    966          0x1C,
    967          0x2A,
    968          0x2E,
    969          0x22,
    970          0x1C,
    971          0x0,
    972          0x0,
    973          0x0,
    974          0x1C,
    975          0x26,
    976          0x2E,
    977          0x22,
    978          0x1C,
    979          0x0,
    980          0x0,
    981          0x0,
    982          0x0,
    983          0x0,
    984          0x0,
    985          0x0,
    986          0x0,
    987          0x0,
    988          0x0,
    989          0x0,
    990          0x0,
    991          0x0,
    992          0x0,
    993          0x0,
    994          0x0,
    995          0x0,
    996          0x0,
    997          0x0,
    998          0x0,
    999          0x0,
   1000          0x0,
   1001          0x0,
   1002          0x0,
   1003          0x0,
   1004          0x0,
   1005          0x0,
   1006          0x0,
   1007          0x0,
   1008          0x0,
   1009          0x0,
   1010          0x0,
   1011          0x0,
   1012          0x0,
   1013          };
   1014          
   1015          
   \                     	RSEG	CONST
   \                     font_data1:
   \                     	DC.B	0
   \                     	DC.B	0
   \                     	DC.B	'_'
   \                     	DC.B	0
   \                     	DC.B	0
   \                     	DC.B	0
   \                     	DC.B	0
   \                     	DC.B	0
   \                     	DC.B	0
   \                     	DC.B	7
   \                     	DC.B	0
   \                     	DC.B	7
   \                     	DC.B	0
   \                     	DC.B	0
   \                     	DC.B	0
   \                     	DC.B	0
   \                     	DC.B	20
   \                     	DC.B	127
   \                     	DC.B	20
   \                     	DC.B	127
   \                     	DC.B	20
   \                     	DC.B	0
   \                     	DC.B	0
   \                     	DC.B	0
   \                     	DC.B	'$'
   \                     	DC.B	'*'
   \                     	DC.B	127
   \                     	DC.B	'*'
   \                     	DC.B	18
   \                     	DC.B	0
   \                     	DC.B	0
   \                     	DC.B	0
   \                     	DC.B	'#'
   \                     	DC.B	19
   \                     	DC.B	8
   \                     	DC.B	'd'
   \                     	DC.B	'b'
   \                     	DC.B	0
   \                     	DC.B	0
   \                     	DC.B	0
   \                     	DC.B	'6'
   \                     	DC.B	'I'
   \                     	DC.B	'U'
   \                     	DC.B	'"'
   \                     	DC.B	'P'
   \                     	DC.B	0
   \                     	DC.B	0
   \                     	DC.B	0
   \                     	DC.B	0
   \                     	DC.B	5
   \                     	DC.B	3
   \                     	DC.B	0
   \                     	DC.B	0
   \                     	DC.B	0
   \                     	DC.B	0
   \                     	DC.B	0
   \                     	DC.B	0
   \                     	DC.B	28
   \                     	DC.B	'"'
   \                     	DC.B	'A'
   \                     	DC.B	0
   \                     	DC.B	0
   \                     	DC.B	0
   \                     	DC.B	0
   \                     	DC.B	0
   \                     	DC.B	'A'
   \                     	DC.B	'"'
   \                     	DC.B	28
   \                     	DC.B	0
   \                     	DC.B	0
   \                     	DC.B	0
   \                     	DC.B	0
   \                     	DC.B	20
   \                     	DC.B	8
   \                     	DC.B	'>'
   \                     	DC.B	8
   \                     	DC.B	20
   \                     	DC.B	0
   \                     	DC.B	0
   \                     	DC.B	0
   \                     	DC.B	8
   \                     	DC.B	8
   \                     	DC.B	'>'
   \                     	DC.B	8
   \                     	DC.B	8
   \                     	DC.B	0
   \                     	DC.B	0
   \                     	DC.B	0
   \                     	DC.B	0
   \                     	DC.B	'P'
   \                     	DC.B	'0'
   \                     	DC.B	0
   \                     	DC.B	0
   \                     	DC.B	0
   \                     	DC.B	0
   \                     	DC.B	0
   \                     	DC.B	8
   \                     	DC.B	8
   \                     	DC.B	8
   \                     	DC.B	8
   \                     	DC.B	8
   \                     	DC.B	0
   \                     	DC.B	0
   \                     	DC.B	0
   \                     	DC.B	0
   \                     	DC.B	'`'
   \                     	DC.B	'`'
   \                     	DC.B	0
   \                     	DC.B	0
   \                     	DC.B	0
   \                     	DC.B	0
   \                     	DC.B	0
   \                     	DC.B	' '
   \                     	DC.B	16
   \                     	DC.B	8
   \                     	DC.B	4
   \                     	DC.B	2
   \                     	DC.B	0
   \                     	DC.B	0
   \                     	DC.B	0
   \                     	DC.B	'>'
   \                     	DC.B	'Q'
   \                     	DC.B	'I'
   \                     	DC.B	'E'
   \                     	DC.B	'>'
   \                     	DC.B	0
   \                     	DC.B	0
   \                     	DC.B	0
   \                     	DC.B	0
   \                     	DC.B	'B'
   \                     	DC.B	127
   \                     	DC.B	'@'
   \                     	DC.B	0
   \                     	DC.B	0
   \                     	DC.B	0
   \                     	DC.B	0
   \                     	DC.B	'B'
   \                     	DC.B	'a'
   \                     	DC.B	'Q'
   \                     	DC.B	'I'
   \                     	DC.B	'F'
   \                     	DC.B	0
   \                     	DC.B	0
   \                     	DC.B	0
   \                     	DC.B	'!'
   \                     	DC.B	'A'
   \                     	DC.B	'E'
   \                     	DC.B	'K'
   \                     	DC.B	'1'
   \                     	DC.B	0
   \                     	DC.B	0
   \                     	DC.B	0
   \                     	DC.B	24
   \                     	DC.B	20
   \                     	DC.B	18
   \                     	DC.B	127
   \                     	DC.B	16
   \                     	DC.B	0
   \                     	DC.B	0
   \                     	DC.B	0
   \                     	DC.B	''''
   \                     	DC.B	'E'
   \                     	DC.B	'E'
   \                     	DC.B	'E'
   \                     	DC.B	'9'
   \                     	DC.B	0
   \                     	DC.B	0
   \                     	DC.B	0
   \                     	DC.B	'<'
   \                     	DC.B	'J'
   \                     	DC.B	'I'
   \                     	DC.B	'I'
   \                     	DC.B	'0'
   \                     	DC.B	0
   \                     	DC.B	0
   \                     	DC.B	0
   \                     	DC.B	1
   \                     	DC.B	'q'
   \                     	DC.B	9
   \                     	DC.B	5
   \                     	DC.B	3
   \                     	DC.B	0
   \                     	DC.B	0
   \                     	DC.B	0
   \                     	DC.B	'6'
   \                     	DC.B	'I'
   \                     	DC.B	'I'
   \                     	DC.B	'I'
   \                     	DC.B	'6'
   \                     	DC.B	0
   \                     	DC.B	0
   \                     	DC.B	0
   \                     	DC.B	6
   \                     	DC.B	'I'
   \                     	DC.B	'I'
   \                     	DC.B	')'
   \                     	DC.B	30
   \                     	DC.B	0
   \                     	DC.B	0
   \                     	DC.B	0
   \                     	DC.B	0
   \                     	DC.B	'6'
   \                     	DC.B	'6'
   \                     	DC.B	0
   \                     	DC.B	0
   \                     	DC.B	0
   \                     	DC.B	0
   \                     	DC.B	0
   \                     	DC.B	0
   \                     	DC.B	'V'
   \                     	DC.B	'6'
   \                     	DC.B	0
   \                     	DC.B	0
   \                     	DC.B	0
   \                     	DC.B	0
   \                     	DC.B	0
   \                     	DC.B	8
   \                     	DC.B	20
   \                     	DC.B	'"'
   \                     	DC.B	'A'
   \                     	DC.B	0
   \                     	DC.B	0
   \                     	DC.B	0
   \                     	DC.B	0
   \                     	DC.B	20
   \                     	DC.B	20
   \                     	DC.B	20
   \                     	DC.B	20
   \                     	DC.B	20
   \                     	DC.B	0
   \                     	DC.B	0
   \                     	DC.B	0
   \                     	DC.B	0
   \                     	DC.B	'A'
   \                     	DC.B	'"'
   \                     	DC.B	20
   \                     	DC.B	8
   \                     	DC.B	0
   \                     	DC.B	0
   \                     	DC.B	0
   \                     	DC.B	2
   \                     	DC.B	1
   \                     	DC.B	'Q'
   \                     	DC.B	9
   \                     	DC.B	6
   \                     	DC.B	0
   \                     	DC.B	0
   \                     	DC.B	0
   \                     	DC.B	'2'
   \                     	DC.B	'I'
   \                     	DC.B	'y'
   \                     	DC.B	'A'
   \                     	DC.B	'>'
   \                     	DC.B	0
   \                     	DC.B	0
   \                     	DC.B	0
   \                     	DC.B	'~'
   \                     	DC.B	17
   \                     	DC.B	17
   \                     	DC.B	17
   \                     	DC.B	'~'
   \                     	DC.B	0
   \                     	DC.B	0
   \                     	DC.B	0
   \                     	DC.B	127
   \                     	DC.B	'I'
   \                     	DC.B	'I'
   \                     	DC.B	'I'
   \                     	DC.B	'6'
   \                     	DC.B	0
   \                     	DC.B	0
   \                     	DC.B	0
   \                     	DC.B	'>'
   \                     	DC.B	'A'
   \                     	DC.B	'A'
   \                     	DC.B	'A'
   \                     	DC.B	'"'
   \                     	DC.B	0
   \                     	DC.B	0
   \                     	DC.B	0
   \                     	DC.B	127
   \                     	DC.B	'A'
   \                     	DC.B	'A'
   \                     	DC.B	'A'
   \                     	DC.B	'>'
   \                     	DC.B	0
   \                     	DC.B	0
   \                     	DC.B	0
   \                     	DC.B	127
   \                     	DC.B	'I'
   \                     	DC.B	'I'
   \                     	DC.B	'I'
   \                     	DC.B	'A'
   \                     	DC.B	0
   \                     	DC.B	0
   \                     	DC.B	0
   \                     	DC.B	127
   \                     	DC.B	9
   \                     	DC.B	9
   \                     	DC.B	9
   \                     	DC.B	1
   \                     	DC.B	0
   \                     	DC.B	0
   \                     	DC.B	0
   \                     	DC.B	'>'
   \                     	DC.B	'A'
   \                     	DC.B	'I'
   \                     	DC.B	'I'
   \                     	DC.B	'z'
   \                     	DC.B	0
   \                     	DC.B	0
   \                     	DC.B	0
   \                     	DC.B	127
   \                     	DC.B	8
   \                     	DC.B	8
   \                     	DC.B	8
   \                     	DC.B	127
   \                     	DC.B	0
   \                     	DC.B	0
   \                     	DC.B	0
   \                     	DC.B	0
   \                     	DC.B	'A'
   \                     	DC.B	127
   \                     	DC.B	'A'
   \                     	DC.B	0
   \                     	DC.B	0
   \                     	DC.B	0
   \                     	DC.B	0
   \                     	DC.B	' '
   \                     	DC.B	'@'
   \                     	DC.B	'A'
   \                     	DC.B	'?'
   \                     	DC.B	1
   \                     	DC.B	0
   \                     	DC.B	0
   \                     	DC.B	0
   \                     	DC.B	127
   \                     	DC.B	8
   \                     	DC.B	20
   \                     	DC.B	'"'
   \                     	DC.B	'A'
   \                     	DC.B	0
   \                     	DC.B	0
   \                     	DC.B	0
   \                     	DC.B	127
   \                     	DC.B	'@'
   \                     	DC.B	'@'
   \                     	DC.B	'@'
   \                     	DC.B	'@'
   \                     	DC.B	0
   \                     	DC.B	0
   \                     	DC.B	0
   \                     	DC.B	127
   \                     	DC.B	2
   \                     	DC.B	12
   \                     	DC.B	2
   \                     	DC.B	127
   \                     	DC.B	0
   \                     	DC.B	0
   \                     	DC.B	0
   \                     	DC.B	127
   \                     	DC.B	4
   \                     	DC.B	8
   \                     	DC.B	16
   \                     	DC.B	127
   \                     	DC.B	0
   \                     	DC.B	0
   \                     	DC.B	0
   \                     	DC.B	'>'
   \                     	DC.B	'A'
   \                     	DC.B	'A'
   \                     	DC.B	'A'
   \                     	DC.B	'>'
   \                     	DC.B	0
   \                     	DC.B	0
   \                     	DC.B	0
   \                     	DC.B	127
   \                     	DC.B	9
   \                     	DC.B	9
   \                     	DC.B	9
   \                     	DC.B	6
   \                     	DC.B	0
   \                     	DC.B	0
   \                     	DC.B	0
   \                     	DC.B	'>'
   \                     	DC.B	'A'
   \                     	DC.B	'Q'
   \                     	DC.B	'!'
   \                     	DC.B	'^'
   \                     	DC.B	0
   \                     	DC.B	0
   \                     	DC.B	0
   \                     	DC.B	127
   \                     	DC.B	9
   \                     	DC.B	25
   \                     	DC.B	')'
   \                     	DC.B	'F'
   \                     	DC.B	0
   \                     	DC.B	0
   \                     	DC.B	0
   \                     	DC.B	'F'
   \                     	DC.B	'I'
   \                     	DC.B	'I'
   \                     	DC.B	'I'
   \                     	DC.B	'1'
   \                     	DC.B	0
   \                     	DC.B	0
   \                     	DC.B	0
   \                     	DC.B	1
   \                     	DC.B	1
   \                     	DC.B	127
   \                     	DC.B	1
   \                     	DC.B	1
   \                     	DC.B	0
   \                     	DC.B	0
   \                     	DC.B	0
   \                     	DC.B	'?'
   \                     	DC.B	'@'
   \                     	DC.B	'@'
   \                     	DC.B	'@'
   \                     	DC.B	'?'
   \                     	DC.B	0
   \                     	DC.B	0
   \                     	DC.B	0
   \                     	DC.B	31
   \                     	DC.B	' '
   \                     	DC.B	'@'
   \                     	DC.B	' '
   \                     	DC.B	31
   \                     	DC.B	0
   \                     	DC.B	0
   \                     	DC.B	0
   \                     	DC.B	'?'
   \                     	DC.B	'@'
   \                     	DC.B	'8'
   \                     	DC.B	'@'
   \                     	DC.B	'?'
   \                     	DC.B	0
   \                     	DC.B	0
   \                     	DC.B	0
   \                     	DC.B	'c'
   \                     	DC.B	20
   \                     	DC.B	8
   \                     	DC.B	20
   \                     	DC.B	'c'
   \                     	DC.B	0
   \                     	DC.B	0
   \                     	DC.B	0
   \                     	DC.B	7
   \                     	DC.B	8
   \                     	DC.B	'p'
   \                     	DC.B	8
   \                     	DC.B	7
   \                     	DC.B	0
   \                     	DC.B	0
   \                     	DC.B	0
   \                     	DC.B	'a'
   \                     	DC.B	'Q'
   \                     	DC.B	'I'
   \                     	DC.B	'E'
   \                     	DC.B	'C'
   \                     	DC.B	0
   \                     	DC.B	0
   \                     	DC.B	0
   \                     	DC.B	0
   \                     	DC.B	127
   \                     	DC.B	'A'
   \                     	DC.B	'A'
   \                     	DC.B	0
   \                     	DC.B	0
   \                     	DC.B	0
   \                     	DC.B	0
   \                     	DC.B	255
   \                     	DC.B	129
   \                     	DC.B	129
   \                     	DC.B	129
   \                     	DC.B	255
   \                     	DC.B	0
   \                     	DC.B	0
   \                     	DC.B	0
   \                     	DC.B	0
   \                     	DC.B	'A'
   \                     	DC.B	'A'
   \                     	DC.B	127
   \                     	DC.B	0
   \                     	DC.B	0
   \                     	DC.B	0
   \                     	DC.B	0
   \                     	DC.B	4
   \                     	DC.B	2
   \                     	DC.B	1
   \                     	DC.B	2
   \                     	DC.B	4
   \                     	DC.B	0
   \                     	DC.B	0
   \                     	DC.B	0
   \                     	DC.B	'@'
   \                     	DC.B	'@'
   \                     	DC.B	'@'
   \                     	DC.B	'@'
   \                     	DC.B	'@'
   \                     	DC.B	0
   \                     	DC.B	0
   \                     	DC.B	0
   \                     	DC.B	0
   \                     	DC.B	1
   \                     	DC.B	2
   \                     	DC.B	4
   \                     	DC.B	0
   \                     	DC.B	0
   \                     	DC.B	0
   \                     	DC.B	0
   \                     	DC.B	' '
   \                     	DC.B	'T'
   \                     	DC.B	'T'
   \                     	DC.B	'T'
   \                     	DC.B	'x'
   \                     	DC.B	0
   \                     	DC.B	0
   \                     	DC.B	0
   \                     	DC.B	127
   \                     	DC.B	'H'
   \                     	DC.B	'D'
   \                     	DC.B	'D'
   \                     	DC.B	'8'
   \                     	DC.B	0
   \                     	DC.B	0
   \                     	DC.B	0
   \                     	DC.B	'8'
   \                     	DC.B	'D'
   \                     	DC.B	'D'
   \                     	DC.B	'D'
   \                     	DC.B	' '
   \                     	DC.B	0
   \                     	DC.B	0
   \                     	DC.B	0
   \                     	DC.B	'8'
   \                     	DC.B	'D'
   \                     	DC.B	'D'
   \                     	DC.B	'H'
   \                     	DC.B	127
   \                     	DC.B	0
   \                     	DC.B	0
   \                     	DC.B	0
   \                     	DC.B	'8'
   \                     	DC.B	'T'
   \                     	DC.B	'T'
   \                     	DC.B	'T'
   \                     	DC.B	24
   \                     	DC.B	0
   \                     	DC.B	0
   \                     	DC.B	0
   \                     	DC.B	8
   \                     	DC.B	'~'
   \                     	DC.B	9
   \                     	DC.B	1
   \                     	DC.B	2
   \                     	DC.B	0
   \                     	DC.B	0
   \                     	DC.B	0
   \                     	DC.B	12
   \                     	DC.B	'R'
   \                     	DC.B	'R'
   \                     	DC.B	'R'
   \                     	DC.B	'>'
   \                     	DC.B	0
   \                     	DC.B	0
   \                     	DC.B	0
   \                     	DC.B	127
   \                     	DC.B	8
   \                     	DC.B	4
   \                     	DC.B	4
   \                     	DC.B	'x'
   \                     	DC.B	0
   \                     	DC.B	0
   \                     	DC.B	0
   \                     	DC.B	0
   \                     	DC.B	'D'
   \                     	DC.B	'}'
   \                     	DC.B	'@'
   \                     	DC.B	0
   \                     	DC.B	0
   \                     	DC.B	0
   \                     	DC.B	0
   \                     	DC.B	' '
   \                     	DC.B	'@'
   \                     	DC.B	'D'
   \                     	DC.B	'='
   \                     	DC.B	0
   \                     	DC.B	0
   \                     	DC.B	0
   \                     	DC.B	0
   \                     	DC.B	127
   \                     	DC.B	16
   \                     	DC.B	'('
   \                     	DC.B	'D'
   \                     	DC.B	0
   \                     	DC.B	0
   \                     	DC.B	0
   \                     	DC.B	0
   \                     	DC.B	0
   \                     	DC.B	'A'
   \                     	DC.B	127
   \                     	DC.B	'@'
   \                     	DC.B	0
   \                     	DC.B	0
   \                     	DC.B	0
   \                     	DC.B	0
   \                     	DC.B	'|'
   \                     	DC.B	4
   \                     	DC.B	8
   \                     	DC.B	4
   \                     	DC.B	'x'
   \                     	DC.B	0
   \                     	DC.B	0
   \                     	DC.B	0
   \                     	DC.B	'|'
   \                     	DC.B	8
   \                     	DC.B	4
   \                     	DC.B	4
   \                     	DC.B	'x'
   \                     	DC.B	0
   \                     	DC.B	0
   \                     	DC.B	0
   \                     	DC.B	'8'
   \                     	DC.B	'D'
   \                     	DC.B	'D'
   \                     	DC.B	'D'
   \                     	DC.B	'8'
   \                     	DC.B	0
   \                     	DC.B	0
   \                     	DC.B	0
   \                     	DC.B	'|'
   \                     	DC.B	20
   \                     	DC.B	20
   \                     	DC.B	20
   \                     	DC.B	8
   \                     	DC.B	0
   \                     	DC.B	0
   \                     	DC.B	0
   \                     	DC.B	8
   \                     	DC.B	20
   \                     	DC.B	20
   \                     	DC.B	24
   \                     	DC.B	'|'
   \                     	DC.B	0
   \                     	DC.B	0
   \                     	DC.B	0
   \                     	DC.B	'|'
   \                     	DC.B	8
   \                     	DC.B	4
   \                     	DC.B	4
   \                     	DC.B	8
   \                     	DC.B	0
   \                     	DC.B	0
   \                     	DC.B	0
   \                     	DC.B	'H'
   \                     	DC.B	'T'
   \                     	DC.B	'T'
   \                     	DC.B	'T'
   \                     	DC.B	' '
   \                     	DC.B	0
   \                     	DC.B	0
   \                     	DC.B	0
   \                     	DC.B	4
   \                     	DC.B	'?'
   \                     	DC.B	'D'
   \                     	DC.B	'@'
   \                     	DC.B	' '
   \                     	DC.B	0
   \                     	DC.B	0
   \                     	DC.B	0
   \                     	DC.B	'<'
   \                     	DC.B	'@'
   \                     	DC.B	'@'
   \                     	DC.B	' '
   \                     	DC.B	'|'
   \                     	DC.B	0
   \                     	DC.B	0
   \                     	DC.B	0
   \                     	DC.B	28
   \                     	DC.B	' '
   \                     	DC.B	'@'
   \                     	DC.B	' '
   \                     	DC.B	28
   \                     	DC.B	0
   \                     	DC.B	0
   \                     	DC.B	0
   \                     	DC.B	'<'
   \                     	DC.B	'@'
   \                     	DC.B	' '
   \                     	DC.B	'@'
   \                     	DC.B	'<'
   \                     	DC.B	0
   \                     	DC.B	0
   \                     	DC.B	0
   \                     	DC.B	'D'
   \                     	DC.B	'('
   \                     	DC.B	16
   \                     	DC.B	'('
   \                     	DC.B	'D'
   \                     	DC.B	0
   \                     	DC.B	0
   \                     	DC.B	0
   \                     	DC.B	12
   \                     	DC.B	'P'
   \                     	DC.B	'P'
   \                     	DC.B	'P'
   \                     	DC.B	'<'
   \                     	DC.B	0
   \                     	DC.B	0
   \                     	DC.B	0
   \                     	DC.B	'D'
   \                     	DC.B	'd'
   \                     	DC.B	'T'
   \                     	DC.B	'L'
   \                     	DC.B	'D'
   \                     	DC.B	0
   \                     	DC.B	0
   \                     	DC.B	0
   \                     	DC.B	0
   \                     	DC.B	8
   \                     	DC.B	'6'
   \                     	DC.B	'A'
   \                     	DC.B	0
   \                     	DC.B	0
   \                     	DC.B	0
   \                     	DC.B	0
   \                     	DC.B	0
   \                     	DC.B	0
   \                     	DC.B	127
   \                     	DC.B	0
   \                     	DC.B	0
   \                     	DC.B	0
   \                     	DC.B	0
   \                     	DC.B	0
   \                     	DC.B	0
   \                     	DC.B	'A'
   \                     	DC.B	'6'
   \                     	DC.B	8
   \                     	DC.B	0
   \                     	DC.B	0
   \                     	DC.B	0
   \                     	DC.B	0
   \                     	DC.B	16
   \                     	DC.B	8
   \                     	DC.B	16
   \                     	DC.B	' '
   \                     	DC.B	16
   \                     	DC.B	0
   \                     	DC.B	0
   \                     	DC.B	0
   \                     	DC.B	0
   \                     	DC.B	0
   \                     	DC.B	0
   \                     	DC.B	'U'
   \                     	DC.B	0
   \                     	DC.B	0
   \                     	DC.B	0
   \                     	DC.B	0
   \                     	DC.B	'D'
   \                     	DC.B	'D'
   \                     	DC.B	'_'
   \                     	DC.B	'D'
   \                     	DC.B	'D'
   \                     	DC.B	0
   \                     	DC.B	0
   \                     	DC.B	0
   \                     	DC.B	254
   \                     	DC.B	243
   \                     	DC.B	243
   \                     	DC.B	254
   \                     	DC.B	0
   \                     	DC.B	0
   \                     	DC.B	0
   \                     	DC.B	0
   \                     	DC.B	254
   \                     	DC.B	251
   \                     	DC.B	251
   \                     	DC.B	254
   \                     	DC.B	0
   \                     	DC.B	0
   \                     	DC.B	0
   \                     	DC.B	0
   \                     	DC.B	254
   \                     	DC.B	255
   \                     	DC.B	255
   \                     	DC.B	254
   \                     	DC.B	0
   \                     	DC.B	0
   \                     	DC.B	0
   \                     	DC.B	0
   \                     	DC.B	254
   \                     	DC.B	255
   \                     	DC.B	255
   \                     	DC.B	254
   \                     	DC.B	0
   \                     	DC.B	0
   \                     	DC.B	0
   \                     	DC.B	0
   \                     	DC.B	' '
   \                     	DC.B	'@'
   \                     	DC.B	'0'
   \                     	DC.B	12
   \                     	DC.B	3
   \                     	DC.B	0
   \                     	DC.B	0
   \                     	DC.B	0
   \                     	DC.B	' '
   \                     	DC.B	'@'
   \                     	DC.B	' '
   \                     	DC.B	16
   \                     	DC.B	8
   \                     	DC.B	0
   \                     	DC.B	0
   \                     	DC.B	0
   \                     	DC.B	'|'
   \                     	DC.B	'D'
   \                     	DC.B	'D'
   \                     	DC.B	'D'
   \                     	DC.B	'|'
   \                     	DC.B	0
   \                     	DC.B	0
   \                     	DC.B	0
   \                     	DC.B	'8'
   \                     	DC.B	'l'
   \                     	DC.B	'D'
   \                     	DC.B	'l'
   \                     	DC.B	'8'
   \                     	DC.B	0
   \                     	DC.B	0
   \                     	DC.B	0
   \                     	DC.B	'|'
   \                     	DC.B	'|'
   \                     	DC.B	'8'
   \                     	DC.B	'8'
   \                     	DC.B	16
   \                     	DC.B	0
   \                     	DC.B	0
   \                     	DC.B	0
   \                     	DC.B	16
   \                     	DC.B	'8'
   \                     	DC.B	'8'
   \                     	DC.B	'|'
   \                     	DC.B	'|'
   \                     	DC.B	0
   \                     	DC.B	0
   \                     	DC.B	0
   \                     	DC.B	'8'
   \                     	DC.B	'@'
   \                     	DC.B	92
   \                     	DC.B	'@'
   \                     	DC.B	'8'
   \                     	DC.B	0
   \                     	DC.B	0
   \                     	DC.B	0
   \                     	DC.B	28
   \                     	DC.B	'"'
   \                     	DC.B	'.'
   \                     	DC.B	'*'
   \                     	DC.B	28
   \                     	DC.B	0
   \                     	DC.B	0
   \                     	DC.B	0
   \                     	DC.B	15
   \                     	DC.B	9
   \                     	DC.B	22
   \                     	DC.B	'p'
   \                     	DC.B	16
   \                     	DC.B	0
   \                     	DC.B	0
   \                     	DC.B	0
   \                     	DC.B	'`'
   \                     	DC.B	'X'
   \                     	DC.B	'F'
   \                     	DC.B	'X'
   \                     	DC.B	'`'
   \                     	DC.B	0
   \                     	DC.B	0
   \                     	DC.B	0
   \                     	DC.B	'p'
   \                     	DC.B	92
   \                     	DC.B	'G'
   \                     	DC.B	92
   \                     	DC.B	'p'
   \                     	DC.B	0
   \                     	DC.B	0
   \                     	DC.B	0
   \                     	DC.B	'`'
   \                     	DC.B	'x'
   \                     	DC.B	'~'
   \                     	DC.B	'x'
   \                     	DC.B	'`'
   \                     	DC.B	0
   \                     	DC.B	0
   \                     	DC.B	0
   \                     	DC.B	'>'
   \                     	DC.B	'A'
   \                     	DC.B	'O'
   \                     	DC.B	'I'
   \                     	DC.B	'>'
   \                     	DC.B	0
   \                     	DC.B	0
   \                     	DC.B	0
   \                     	DC.B	4
   \                     	DC.B	2
   \                     	DC.B	1
   \                     	DC.B	2
   \                     	DC.B	4
   \                     	DC.B	0
   \                     	DC.B	0
   \                     	DC.B	0
   \                     	DC.B	28
   \                     	DC.B	'"'
   \                     	DC.B	'.'
   \                     	DC.B	'"'
   \                     	DC.B	28
   \                     	DC.B	0
   \                     	DC.B	0
   \                     	DC.B	0
   \                     	DC.B	28
   \                     	DC.B	'"'
   \                     	DC.B	'.'
   \                     	DC.B	'&'
   \                     	DC.B	28
   \                     	DC.B	0
   \                     	DC.B	0
   \                     	DC.B	0
   \                     	DC.B	28
   \                     	DC.B	'"'
   \                     	DC.B	'.'
   \                     	DC.B	'*'
   \                     	DC.B	28
   \                     	DC.B	0
   \                     	DC.B	0
   \                     	DC.B	0
   \                     	DC.B	28
   \                     	DC.B	'"'
   \                     	DC.B	'.'
   \                     	DC.B	'2'
   \                     	DC.B	28
   \                     	DC.B	0
   \                     	DC.B	0
   \                     	DC.B	0
   \                     	DC.B	28
   \                     	DC.B	'"'
   \                     	DC.B	'>'
   \                     	DC.B	'"'
   \                     	DC.B	28
   \                     	DC.B	0
   \                     	DC.B	0
   \                     	DC.B	0
   \                     	DC.B	28
   \                     	DC.B	'2'
   \                     	DC.B	'.'
   \                     	DC.B	'"'
   \                     	DC.B	28
   \                     	DC.B	0
   \                     	DC.B	0
   \                     	DC.B	0
   \                     	DC.B	28
   \                     	DC.B	'*'
   \                     	DC.B	'.'
   \                     	DC.B	'"'
   \                     	DC.B	28
   \                     	DC.B	0
   \                     	DC.B	0
   \                     	DC.B	0
   \                     	DC.B	28
   \                     	DC.B	'&'
   \                     	DC.B	'.'
   \                     	DC.B	'"'
   \                     	DC.B	28
   \                     	DC.B	0
   \                     	DC.B	0
   \                     	DC.B	0
   \                     	DC.B	0
   \                     	DC.B	0
   \                     	DC.B	0
   \                     	DC.B	0
   \                     	DC.B	0
   \                     	DC.B	0
   \                     	DC.B	0
   \                     	DC.B	0
   \                     	DC.B	0
   \                     	DC.B	0
   \                     	DC.B	0
   \                     	DC.B	0
   \                     	DC.B	0
   \                     	DC.B	0
   \                     	DC.B	0
   \                     	DC.B	0
   \                     	DC.B	0
   \                     	DC.B	0
   \                     	DC.B	0
   \                     	DC.B	0
   \                     	DC.B	0
   \                     	DC.B	0
   \                     	DC.B	0
   \                     	DC.B	0
   \                     	DC.B	0
   \                     	DC.B	0
   \                     	DC.B	0
   \                     	DC.B	0
   \                     	DC.B	0
   \                     	DC.B	0
   \                     	DC.B	0
   \                     	END

Errors: none
Warnings: none
Code size: 0
Constant size: 1007
Static variable size: 0

